// Jest Snapshot v1, https://goo.gl/fbAQLP

exports[`should render AddTaskPage correctly 1`] = `
<div>
  <TaskForm
    history={
      Object {
        "push": [MockFunction],
      }
    }
  />
</div>
`;
