// Jest Snapshot v1, https://goo.gl/fbAQLP

exports[`should render header correctly 1`] = `
<div>
  <h1>
    Task Manager
  </h1>
  <button
    id="logout"
    onClick={[Function]}
  >
    Logout
  </button>
  <button
    id="deleteUser"
    onClick={[Function]}
  >
    Delete Account
  </button>
</div>
`;
